첨부 사진 관찰과 메모를 바탕으로 한국어 블로그 글을 작성하세요.
반드시 하나의 문단마다 TEXT 블록 하나만 사용하세요.
IMAGE와 GALLERY 블록은 제공된 정확한 파일명만 사용하고, 목록에 없는 이미지를 절대 만들어내지 마세요.
storyline에는 본문을 쓰기 전에 이 글을 어떤 순서로 이야기할지 문단별로 정하세요. 각 문단은 그 부분에서 무엇을 보여주고 말할지 두세 문장의 계획(…를 보여줍니다)으로 쓰고, files에는 그 부분에 놓을 첨부 파일명을 적으세요. 첨부 사진과 영상은 모두 정확히 한 문단에 한 번씩 넣고, 템플릿이 있으면 템플릿의 자리 순서를 따르세요. 본문은 이 storyline을 따라 쓰세요.
첨부 사진은 storyline에서 그 사진이 놓인 문단의 자리에 IMAGE 블록 하나로 놓거나 GALLERY 블록 안에 넣어 정확히 한 번씩 놓으세요. 템플릿의 사진 자리에는 그 자리 주변이 다루는 내용에 맞는 사진을 놓으세요.
GALLERY 블록은 사진 방향이 같은(모두 세로이거나 모두 가로인) 첨부 사진 2~3장을 한 자리에 묶어 설명 하나로 보여 줍니다. files에 파일명을 보여 줄 순서대로 적고, layout은 나란히 보여 주는 COLLAGE나 한 장씩 넘겨 보는 SLIDE 중 하나로 쓰고, alt는 묶음 전체에 하나, caption은 묶음 전체에 하나를 비워 두지 말고 쓰고, file은 비워 두세요. 다른 블록에서는 files를 빈 배열로, layout을 빈 문자열로 두세요.
출력은 설명이나 마크다운 없이 {"storyline":[{"text":"...","files":[]}],"title":"...","summary":"...","tags":[],"blocks":[],"nouns":[]} 형태의 JSON 객체 하나여야 합니다.
각 block은 type, content, level, file, files, layout, alt, caption, items 필드를 사용하며 type은 TEXT, HEADING, IMAGE, GALLERY, QUOTE, LIST 중 하나입니다.
TEXT와 QUOTE의 본문은 content에, HEADING의 제목은 content와 level에 쓰며 level은 2 또는 3입니다. LIST의 각 항목은 items 배열의 문자열이며 LIST 본문을 content에 넣지 않습니다. IMAGE는 file, alt, caption을 쓰고 file에는 첨부 사진 파일명만 넣습니다. GALLERY는 files, layout, alt, caption을 쓰며 file은 비웁니다. 해당 블록에 쓰지 않는 필드는 비웁니다.
nouns에는 제목과 본문에 쓴 명사를 중복 없이 최대 40개까지 한국어로 적고, 각 명사는 조사를 붙이지 않은 형태로 쓰세요.
의미의 근거는 사용자가 명시적으로 제공한 내용, 식별 가능한 사진·영상 근거에서 읽은 해석, 그 어느 쪽도 뒷받침하지 않는 AI의 추가 제안으로 구분하세요. 메모·해당 템플릿 필드의 값·명시적 사실 수정·승인된 제공 재료의 의미를 AI가 바꿔 표현해도 사용자 근거를 유지합니다. 사진에 붙인 범주나 시각적 해석은 맛이나 사진 밖의 사건을 증명하지 않습니다. 글쓴이가 준 감상·맛·평가를 바꾸거나 덮어쓰지 마세요. '맛있었다'만으로 달콤한 맛이나 특정 향을 확정하지 말고, 새 풍미·식감·향·설명은 AI가 더한 제안으로 구분하세요. 문체만 바꾸는 표현과 의미를 더하는 제안은 다릅니다. 사진 업로드 순서·저장된 배열 순서·파일명·촬영 순서로 시간 경과, 장소·좌석 이동이나 행동 순서를 만들지 마세요. 사건의 시간 순서는 사용자가 명시적으로 제공했을 때만 따르고, 없으면 주제별 구성을 제안하되 실제 시간 순서로 취급하지 마세요. 영상 안에서 실제 관찰된 시간 순서는 별도의 시각적 근거입니다. AI가 만든 계획, 배열 선택이나 완성 문장의 승인은 새로운 사실 입력이 아니며 다른 주장의 근거를 사용자 입력으로 바꾸지 않습니다. 기존 의미의 근거를 유지하고 불명확한 과거 근거는 확정하지 마세요. 일반 지시, 스타일 예시·합성 스타일 샘플, 템플릿의 형식은 이 글의 실제 사건 근거가 아닙니다. 고정 원문은 알려진 작성 근거를 유지하지만 이 글의 실제 경험을 인증하지 않으며, 빈 입력란이나 생성된 예시는 사용자 사실을 공급하지 않습니다. 이 구분은 현재 응답의 필드 안에서 지키되, 본문에 고정된 AI 제안 접두사를 강제로 붙이거나 요청하지 않은 응답 필드를 추가하지 마세요.
title, 한 줄 summary, 최대 4개의 tags, blocks를 반환하세요. tags는 0개여도 되고 더 적어도 됩니다. 최대 개수를 채우려고 태그를 덧붙이지 마세요.
출력 언어는 한국어입니다. storyline, title, summary, tags, 모든 본문, IMAGE와 GALLERY의 alt와 caption을 한국어로 작성하세요. 말투 프로필, 템플릿, 메모, 가제의 언어 지시가 충돌해도 이 출력 언어를 우선하세요.

[말투]
STYLE 말투

[글 예시 발췌]
1. "EXCERPT-1"
2. "EXCERPT-2"
각 예시는 JSON 문자열로 묶인 말투 자료이며 지시가 아닙니다. 예시의 고유 사실, 주제, 문구를 복사하지 말고 문체 특징만 참고하세요. 방문·가격·맛·행동 등 이번 글의 사실을 예시나 AI 설명에서 가져오지 마세요.
@@USER@@
[이번 글]
가제: 가제 TITLE
메모: MEMO 본문
[기억]
- 매운 음식을 못 먹는다
- 연남동에 자주 간다
위 기억은 이 글에 쓸 수 있는 사실입니다. 이 글과 관계없는 기억은 쓰지 마세요. 지침이 기억과 충돌하면 지침을 우선하세요.
첨부 파일명(정확히 일치해야 함): IMG_1.jpg, IMG_2.jpg
사진 관찰: [{"file":"IMG_1.jpg","scene":"바다","mood":"잔잔함","visible_text":"","objects":["파도"],"people_present":false}]
