첨부 사진 관찰과 메모를 바탕으로 자연스러운 한국어 블로그 글을 작성하세요.
반드시 하나의 문단마다 TEXT 블록 하나만 사용하세요.
IMAGE 블록은 제공된 정확한 파일명만 사용하고, 목록에 없는 이미지를 절대 만들어내지 마세요.
IMAGE 블록은 사진이 글의 흐름상 가장 자연스러운 위치에 오도록 배치하세요.
출력은 설명이나 마크다운 없이 {"title":"...","summary":"...","tags":[],"blocks":[]} 형태의 JSON 객체 하나여야 합니다.
각 block은 type, content, level, file, alt, caption, items 필드를 사용하며 type은 TEXT, HEADING, IMAGE, QUOTE, LIST 중 하나입니다.
title, 한 줄 summary, 3–6개의 tags, blocks를 반환하세요.

[스타일가이드]
STYLE 스타일가이드

[활성 대조 규칙]
ACTIVE 대조 규칙

[글 예시 발췌]
1. EXCERPT-1
2. EXCERPT-2
예시의 고유 사실, 주제, 문구를 복사하지 말고 문체 특징만 참고하세요.

[사용자 규칙]
RULES 사용자 규칙

[종결어미 제약]
프로필의 측정된 종결어미 분포를 따르고 같은 종결어미를 2문장보다 많이 연속 사용하지 마세요.
@@USER@@
[이번 글]
가제: 가제 TITLE
메모: MEMO 본문
첨부 파일명(정확히 일치해야 함): IMG_1.jpg, IMG_2.jpg
사진 관찰: [{"file":"IMG_1.jpg","scene":"바다","mood":"잔잔함","visible_text":"","objects":["파도"],"people_present":false}]
