{"kind":"write","prepared":false,"target_language":"ko","post":{"Slug":"post","UserID":"alice","TemplateID":"","Template":null,"Guidelines":null,"UseMemory":false,"Memories":null,"TemplateAnswers":null,"Title":"가제","Memo":"메모","Images":[{"Filename":"IMG_1.jpg","Key":"key-1","Kind":"","ContentType":"","DurationMs":0}],"Observations":null,"Content":null,"TargetLanguage":"ko","ContentLanguage":null,"TargetLength":null,"WriteNativeEffort":false}}
