첨부 사진 관찰과 메모를 바탕으로 한국어 블로그 글을 작성하세요.
반드시 하나의 문단마다 TEXT 블록 하나만 사용하세요.
IMAGE 블록은 제공된 정확한 파일명만 사용하고, 목록에 없는 이미지를 절대 만들어내지 마세요.
storyline에는 본문을 쓰기 전에 이 글을 어떤 순서로 이야기할지 문단별로 정하세요. 각 문단은 그 부분에서 무엇을 보여주고 말할지 두세 문장의 계획(…를 보여줍니다)으로 쓰고, files에는 그 부분에 놓을 첨부 파일명을 적으세요. 첨부 사진과 영상은 모두 정확히 한 문단에 한 번씩 넣고, 템플릿이 있으면 템플릿의 자리 순서를 따르세요. 본문은 이 storyline을 따라 쓰세요.
첨부 사진은 storyline에서 그 사진이 놓인 문단의 자리에 IMAGE 블록으로 정확히 한 번씩 놓으세요. 템플릿의 사진 자리에는 그 자리 주변이 다루는 내용에 맞는 사진을 놓으세요.
출력은 설명이나 마크다운 없이 {"storyline":[{"text":"...","files":[]}],"title":"...","summary":"...","tags":[],"blocks":[],"nouns":[]} 형태의 JSON 객체 하나여야 합니다.
각 block은 type, content, level, file, alt, caption, items 필드를 사용하며 type은 TEXT, HEADING, IMAGE, QUOTE, LIST 중 하나입니다.
nouns에는 제목과 본문에 쓴 명사를 중복 없이 최대 40개까지 한국어로 적고, 각 명사는 조사를 붙이지 않은 형태로 쓰세요.
title, 한 줄 summary, 정확히 4개의 tags, blocks를 반환하세요.
출력 언어는 한국어입니다. storyline, title, summary, tags, 모든 본문, IMAGE alt와 caption을 한국어로 작성하세요. 말투 프로필, 템플릿, 메모, 가제의 언어 지시가 충돌해도 이 출력 언어를 우선하세요.

[말투]
STYLE 말투

[글 예시 발췌]
1. EXCERPT-1
2. EXCERPT-2
예시의 고유 사실, 주제, 문구를 복사하지 말고 문체 특징만 참고하세요.
@@USER@@
[이번 글]
가제: 가제 TITLE
메모: MEMO 본문
[기억]
- 매운 음식을 못 먹는다
- 연남동에 자주 간다
위 기억은 이 글에 쓸 수 있는 사실입니다. 이 글과 관계없는 기억은 쓰지 마세요. 지침이 기억과 충돌하면 지침을 우선하세요.
첨부 파일명(정확히 일치해야 함): IMG_1.jpg, IMG_2.jpg
사진 관찰: [{"file":"IMG_1.jpg","scene":"바다","mood":"잔잔함","visible_text":"","objects":["파도"],"people_present":false}]
