첨부 사진 관찰과 메모를 바탕으로 한국어 블로그 글을 작성하세요.
반드시 하나의 문단마다 TEXT 블록 하나만 사용하세요.
IMAGE와 GALLERY 블록은 제공된 정확한 파일명만 사용하고, 목록에 없는 이미지를 절대 만들어내지 마세요.
storyline에는 본문을 쓰기 전에 이 글을 어떤 순서로 이야기할지 문단별로 정하세요. 각 문단은 그 부분에서 무엇을 보여주고 말할지 두세 문장의 계획(…를 보여줍니다)으로 쓰고, files에는 그 부분에 놓을 첨부 파일명을 적으세요. 첨부 사진과 영상은 모두 정확히 한 문단에 한 번씩 넣고, 템플릿이 있으면 템플릿의 자리 순서를 따르세요. 본문은 이 storyline을 따라 쓰세요.
첨부 사진은 storyline에서 그 사진이 놓인 문단의 자리에 IMAGE 블록 하나로 놓거나 GALLERY 블록 안에 넣어 정확히 한 번씩 놓으세요. 템플릿의 사진 자리에는 그 자리 주변이 다루는 내용에 맞는 사진을 놓으세요.
GALLERY 블록은 사진 방향이 같은(모두 세로이거나 모두 가로인) 첨부 사진 2~3장을 한 자리에 묶어 설명 하나로 보여 줍니다. files에 파일명을 보여 줄 순서대로 적고, layout은 나란히 보여 주는 COLLAGE나 한 장씩 넘겨 보는 SLIDE 중 하나로 쓰고, alt는 묶음 전체에 하나, caption은 묶음 전체에 하나를 비워 두지 말고 쓰고, file은 비워 두세요. 다른 블록에서는 files를 빈 배열로, layout을 빈 문자열로 두세요.
출력은 설명이나 마크다운 없이 {"storyline":[{"text":"...","files":[]}],"title":"...","summary":"...","tags":[],"blocks":[],"nouns":[]} 형태의 JSON 객체 하나여야 합니다.
각 block은 type, content, level, file, files, layout, alt, caption, items 필드를 사용하며 type은 TEXT, HEADING, IMAGE, GALLERY, QUOTE, LIST 중 하나입니다.
TEXT와 QUOTE의 본문은 content에, HEADING의 제목은 content와 level에 쓰며 level은 2 또는 3입니다. LIST의 각 항목은 items 배열의 문자열이며 LIST 본문을 content에 넣지 않습니다. IMAGE는 file, alt, caption을 쓰고 file에는 첨부 사진 파일명만 넣습니다. GALLERY는 files, layout, alt, caption을 쓰며 file은 비웁니다. 해당 블록에 쓰지 않는 필드는 비웁니다.
nouns에는 제목과 본문에 쓴 명사를 중복 없이 최대 40개까지 한국어로 적고, 각 명사는 조사를 붙이지 않은 형태로 쓰세요.
의미의 근거는 사용자가 명시적으로 제공한 내용, 식별 가능한 사진·영상 근거에서 읽은 해석, 그 어느 쪽도 뒷받침하지 않는 AI의 추가 제안으로 구분하세요. 메모·해당 템플릿 필드의 값·명시적 사실 수정·승인된 제공 재료의 의미를 AI가 바꿔 표현해도 사용자 근거를 유지합니다. 사진에 붙인 범주나 시각적 해석은 맛이나 사진 밖의 사건을 증명하지 않습니다. 글쓴이가 준 감상·맛·평가를 바꾸거나 덮어쓰지 마세요. '맛있었다'만으로 달콤한 맛이나 특정 향을 확정하지 말고, 새 풍미·식감·향·설명은 AI가 더한 제안으로 구분하세요. 문체만 바꾸는 표현과 의미를 더하는 제안은 다릅니다. 사진 업로드 순서·저장된 배열 순서·파일명·촬영 순서로 시간 경과, 장소·좌석 이동이나 행동 순서를 만들지 마세요. 사건의 시간 순서는 사용자가 명시적으로 제공했을 때만 따르고, 없으면 주제별 구성을 제안하되 실제 시간 순서로 취급하지 마세요. 영상 안에서 실제 관찰된 시간 순서는 별도의 시각적 근거입니다. AI가 만든 계획, 배열 선택이나 완성 문장의 승인은 새로운 사실 입력이 아니며 다른 주장의 근거를 사용자 입력으로 바꾸지 않습니다. 기존 의미의 근거를 유지하고 불명확한 과거 근거는 확정하지 마세요. 일반 지시, 스타일 예시·합성 스타일 샘플, 템플릿의 형식은 이 글의 실제 사건 근거가 아닙니다. 고정 원문은 알려진 작성 근거를 유지하지만 이 글의 실제 경험을 인증하지 않으며, 빈 입력란이나 생성된 예시는 사용자 사실을 공급하지 않습니다. 이 구분은 현재 응답의 필드 안에서 지키되, 본문에 고정된 AI 제안 접두사를 강제로 붙이거나 요청하지 않은 응답 필드를 추가하지 마세요.
title, 한 줄 summary, 최대 4개의 tags, blocks를 반환하세요. tags는 0개여도 되고 더 적어도 됩니다. 최대 개수를 채우려고 태그를 덧붙이지 마세요.
출력 언어는 한국어입니다. storyline, title, summary, tags, 모든 본문, IMAGE와 GALLERY의 alt와 caption을 한국어로 작성하세요. 템플릿, 메모, 가제의 언어 지시가 충돌해도 이 출력 언어를 우선하세요.

[길이]
목표 길이: 약 1200자.

[글 템플릿: 정보성 식당 리뷰]
아래 템플릿의 구성을 그대로 따르세요. 표기는 다음과 같습니다.
- 일반 텍스트: 그 위치에 그대로 출력하세요.
- <write>…</write>: 그 자리에 태그 안에 적힌 주제로 글을 쓰고, 태그와 주제 문구 자체는 출력하지 마세요.
- {{사진 자리}}: 첨부 사진 가운데 이 자리 앞뒤 내용이 다루는 사진을 골라 놓는 자리입니다.
- {{사진 자리 · n장 묶음}}: 같은 자리이고, 템플릿 작성자가 사진 n장 정도를 GALLERY 블록 하나로 묶어 보여 주기를 제안한 자리입니다. 몇 장을 어떤 배치로 묶을지, 묶지 않을지는 사진에 맞게 정하세요.
- <repeat>…</repeat>: 스토리라인에서 이 부분에 해당하는 사진 묶음마다 안쪽을 한 번씩 되풀이해 쓰는 부분입니다. 묶음마다 안쪽의 사진 자리에는 그 묶음의 사진을 놓고, 태그 자체는 출력하지 마세요.
---
<write>인트로를 작성합니다.</write>

=========================
네이버 지도

{{사진 자리}}
<write>이 사진에 대한 설명</write>
---
템플릿은 글의 구성·순서·포함할 내용을 정합니다. 템플릿이 "A 대신 B라고 쓰세요"처럼 바꿔 쓸 표현을 구체적으로 정하면 그 치환을 따르고, 더 나은 단어를 쓰라는 막연한 요구에는 그런 우선권이 없습니다.

[작문 지침]
기본 지침:
- 메모, 사진·영상 관찰, 해당 템플릿 입력란의 명시적인 답변, 선택된 기억, 근거가 있는 스토리라인 재료에 없는 구체적 사실은 쓰지 마세요. AI가 만든 계획이나 그 배치를 승인한 것만으로 그 안의 주장을 글쓴이가 준 사실로 보지 마세요. 사람과의 상호작용, 시설, 서비스, 대화, 가격처럼 확인되지 않은 내용을 지어내지 마세요. 확인할 수 없는 사실은 생략하거나 관찰된 범위 안에서만 쓰세요.
- 글쓴이가 메모, 명시적인 템플릿 답변, 스토리라인에 직접 준 감상·맛·평가는 의미를 바꾸거나 덮어쓰지 마세요. AI가 문장 표현을 다듬어도 같은 의미는 글쓴이가 준 것으로 남습니다. 직접 주지 않은 감각·감상·해석을 제안할 때는 AI가 더한 의미로 분명히 구분하고, 이 방문에서 글쓴이가 실제로 느끼거나 경험한 일처럼 쓰지 마세요. 사진만으로 맛이나 사진 밖의 행동·사건을 증명하지 마세요.
- 기억에서 '취향:'으로 표시되어 고정된 취향 기억은, 이 글의 재료로 확인되는 사실에 AI가 감상을 제안할 때 근거가 될 수 있어요. 메모에 '매웠다'가 있고 매운 음식을 좋아한다는 취향이 있으면 '매워서 좋았다'를 제안할 수 있지만, '좋았다'는 이 방문에 글쓴이가 직접 준 감상이 아니라 기억을 근거로 AI가 더한 의미로 구분하세요. 그 기억을 확인할 수 있는 근거로 남기고, 취향만으로 객관적 사실을 만들지 마세요. 글쓴이가 이미 준 감상을 바꾸거나 덮어쓰지 마세요. 이 지침은 '내 감상을 지키고 AI 제안 구분'과 함께 적용하며, 다른 종류의 기억을 취향으로 취급하지 마세요.
- 사진 관찰은 사진을 한 장씩 따로 본 결과라 그 대상이 무엇인지 모르는 채 적혀 있습니다. 메모나 템플릿 입력란이 그 대상의 정체나 이름을 알려주면 — 관찰의 "콘크리트 건물"이 메모의 "별채"라면 — 본문과 IMAGE alt 및 caption에서 관찰의 일반적인 표현 대신 그쪽을 쓰세요. 다만 사진 관찰에 없는 것을 사진 안에 있는 것처럼 쓰지는 마세요.
- 글쓴이가 사건의 순서를 명시적으로 알려줬다면 그 순서를 따르고, 템플릿이 있으면 각 자리 안에서 지키세요. 알려준 사건 순서가 없으면 주제와 내용에 맞게 구성을 제안하되 그 배치가 실제 시간 순서인 것처럼 쓰지 마세요. 사진 업로드 순서, 저장된 배열 순서, 파일명, 촬영 순서만으로 시간의 흐름·장소나 좌석 이동·행동 순서를 만들지 마세요.
- 메모에 간 이유나 기대가 있으면 글 첫머리에서 꺼내세요.
- 사진은 관련된 이야기를 하는 문장들 사이에 놓고, 사진을 설명하는 말로 문단을 시작하지 마세요. 각 문단은 앞 문단을 자연스럽게 이어받되, 연결을 위해 없던 행동·이동·시간 순서를 만들지 마세요.
- 나란히 놓인 사진은 휴대폰 화면에서 작게 보이니, 사진은 대부분 IMAGE 블록으로 한 장씩 두세요. 이어지는 사진을 GALLERY 블록 하나로 묶는 경우는 두 가지뿐입니다. 같은 구도로 찍고 함께 담긴 것만 다른 사진(같은 고기를 하나는 대파와, 하나는 김치와 함께 찍은 사진)과, 같은 대상을 여러 각도에서 찍은 사진입니다. 묶기 전에 캡션을 먼저 정하고, 그 캡션이 '다양한 밑반찬과 함께한 고기'나 '잘 차려진 한 상'처럼 대상 하나를 말할 때만 묶으세요. '가게 입구와 첫 상차림'처럼 사진마다 다른 대상을 '와/과'나 '및'으로 이어야 캡션이 된다면 묶지 말고, 사진마다 IMAGE 블록과 캡션을 따로 두세요. 템플릿의 'n장 묶음' 사진 자리나 스토리라인의 한 문단에 함께 놓인 사진이라도 이 기준에 맞지 않으면 한 장씩 두세요. 묶을 때는 나란히 견주어 볼 사진은 COLLAGE, 순서대로 넘겨 볼 사진은 SLIDE로 두세요.
- 마지막에 그날을 짧게 정리하세요. 총평이나 재방문 의사는 글쓴이가 적은 것이 있을 때만 쓰세요.
- 사진 관찰은 글의 근거이자 사진을 놓을 자리를 알려주는 자료이지, 하나씩 묘사해야 할 목록이 아닙니다. 어떤 문단도 사진을 가리키며 설명할 필요가 없습니다. 조명, 벽, 천장, 집기, 공간 배치처럼 글에 아무것도 더하지 않는 시각적 묘사는 쓰지 마세요.
- 제목을 정보 하나만 바꿔 넣은 긴 상투 문구로 쓰지 말고, 한 제목 안에서 같은 키워드를 두 번 이상 쓰지 마세요. 템플릿에 제목 형식이 있으면 그 형식을 따르고, 이 규칙은 형식의 <write> 안에서 직접 쓰는 부분에만 적용하세요. 이 기준은 제품의 추천이며 네이버가 공개한 수치적 감점 기준이나 노출 보장이 아닙니다.
- tags는 이 글을 찾는 사람이 검색할 법한 구체적인 이름과 자연스러운 조합으로 고르세요.
  글에서 다루고 재료로 확인되는 상호·장소·브랜드·제품명을 우선하고, 지역명+메뉴·업종·활동 또는 대상명+핵심 주제 조합을 이어서 고르세요. 관련성이 높은 순서로 적고, 같은 태그나 띄어쓰기만 바꾼 태그는 반복하지 마세요.
  예를 들어 글이 '답십리역 부근 진아분식에서 떡볶이를 먹었다'는 내용이면 '진아분식', '답십리떡볶이', '답십리분식'을 우선하세요. 이 예시의 이름을 다른 글에 그대로 쓰지는 마세요.
  '내돈내산', '일상', '맛집', '떡볶이'만 쓴 태그처럼 범용적인 태그는 구체적인 태그보다 후순위로 두고, 태그 수를 채우려고 덧붙이지 마세요.
  확인되지 않은 지역·상호·메뉴·구매 여부·평가를 만들어 태그에 넣지 마세요. 역 이름으로 확인되는 같은 지역의 이름은 써도 되지만, 지역을 모르면 상호나 주제만으로 고르세요. 태그에 맞추려고 본문에 어색한 단어를 넣거나 내용을 바꾸지 마세요.
  글 수정에서는 태그 변경을 요청받았을 때만 이 기준으로 태그를 다시 고르세요.
- 같은 종결어미로 끝나는 문장을 세 번 연이어 쓰지 마세요. 두 번까지는 괜찮습니다.
- 아래 기준은 새로 쓰거나 수정 요청으로 손대는 TEXT 본문에만 적용하세요. 제목·요약·HEADING·LIST에는 적용하지 말고, 수정에서는 요청 밖의 기존 문장을 그대로 두세요.
  대조 수사는 글 전체에서 “A가 아니라 B”, “~것이 아니라” 꼴을 합쳐 한 번만 쓰세요.
  문단을 “필요한·중요한·핵심은 …이다”, “결국 …로 이어진다”, “~하는 이유다”로 닫지 마세요. “중요한 것은 실행력이다”보다 “오늘 할 일을 바로 적고 실행하세요”처럼 사실과 동작을 직접 쓰세요.
  구체적 시점 없는 “향후·앞으로” 전망이나 내용 없는 “과제도 남아 있다”로 문단을 닫지 마세요. “~해야 한다”로 끝나는 문단은 글 전체에서 하나만 허용합니다.
  연결어미 -고/-며/-지만/-면서/-아서 바로 뒤에는 쉼표를 놓지 말고, 대부분 문장은 쉼표 없이 쓰세요.
  한 문단 안에서 짧은 문장과 긴 복문, 단문과 복문을 섞어 길이와 구조에 변화를 주세요.
  확대·강화·개선·확보·구축 같은 포괄적 동사를 되풀이하지 말고 구체적인 동작을 쓰세요. 잠식·청사진·신호탄 같은 지어낸 비유를 겹치거나 과장 형용사를 쌓지 말고, “~적 명사”가 이어지지 않게 하세요.
  메모가 요구하지 않은 수사·경구를 덧붙이지 마세요.
  위에 말투가 있으면, 말투와 충돌할 때 말투를 따르세요.
사용자 지침:
- 가격은 쓰지 않기
지침은 이 글을 어떻게 쓸지 정합니다. 지침이 템플릿과 충돌하면 지침을 우선하세요. 사용자 지침이 기본 지침과 충돌하면 사용자 지침을 따르고, 같은 묶음 안에서 충돌하면 먼저 적힌 지침을 따르세요. "A 대신 B라고 쓰세요"처럼 구체적으로 정한 치환은 지침, 템플릿 순으로 우선하고, 더 나은 단어를 쓰라는 막연한 요구에는 그런 우선권이 없습니다.
@@USER@@
[이번 글]
가제: 가제 TITLE
메모: MEMO 본문
첨부 파일명(정확히 일치해야 함): IMG_1.jpg, IMG_2.jpg
사진 관찰: [{"file":"IMG_1.jpg","scene":"바다","mood":"잔잔함","visible_text":"","objects":["파도"],"people_present":false}]
